> Task :app:preBuild UP-TO-DATE
> Task :app:preDebugBuild UP-TO-DATE
> Task :app:mergeDebugNativeDebugMetadata NO-SOURCE
> Task :app:generateDebugResValues UP-TO-DATE
> Task :app:checkDebugAarMetadata FAILED
> Task :app:mapDebugSourceSetPaths UP-TO-DATE

FAILURE: Build failed with an exception.

* What went wrong:
Execution failed for task ':app:checkDebugAarMetadata'.
> A failure occurred while executing com.android.build.gradle.internal.tasks.CheckAarMetadataWorkAction
   > 6 issues were found when checking AAR metadata:
     
       1.  Dependency 'androidx.activity:activity:1.8.1' requires libraries and applications that
           depend on it to compile against version 34 or later of the
           Android APIs.
     
           :app is currently compiled against android-33.
     
           Recommended action: Update this project to use a newer compileSdk
           of at least 34, for example 34.
     
           Note that updating a library or application's compileSdk (which
           allows newer APIs to be used) can be done separately from updating
           targetSdk (which opts the app in to new runtime behavior) and
           minSdk (which determines which devices the app can be installed
           on).
     
       2.  Dependency 'androidx.activity:activity-compose:1.8.1' requires libraries and applications that
           depend on it to compile against version 34 or later of the
           Android APIs.
     
           :app is currently compiled against android-33.
     
           Recommended action: Update this project to use a newer compileSdk
           of at least 34, for example 34.
     
           Note that updating a library or application's compileSdk (which
           allows newer APIs to be used) can be done separately from updating
           targetSdk (which opts the app in to new runtime behavior) and
           minSdk (which determines which devices the app can be installed
           on).
     
       3.  Dependency 'androidx.activity:activity-ktx:1.8.1' requires libraries and applications that
           depend on it to compile against version 34 or later of the
           Android APIs.
     
           :app is currently compiled against android-33.
     
           Recommended action: Update this project to use a newer compileSdk
           of at least 34, for example 34.
     
           Note that updating a library or application's compileSdk (which
           allows newer APIs to be used) can be done separately from updating
           targetSdk (which opts the app in to new runtime behavior) and
           minSdk (which determines which devices the app can be installed
           on).
     
       4.  Dependency 'androidx.emoji2:emoji2:1.4.0' requires libraries and applications that
           depend on it to compile against version 34 or later of the
           Android APIs.
     
           :app is currently compiled against android-33.
     
           Recommended action: Update this project to use a newer compileSdk
           of at least 34, for example 34.
     
           Note that updating a library or application's compileSdk (which
           allows newer APIs to be used) can be done separately from updating
           targetSdk (which opts the app in to new runtime behavior) and
           minSdk (which determines which devices the app can be installed
           on).
     
       5.  Dependency 'androidx.core:core-ktx:1.12.0' requires libraries and applications that
           depend on it to compile against version 34 or later of the
           Android APIs.
     
           :app is currently compiled against android-33.
     
           Recommended action: Update this project to use a newer compileSdk
           of at least 34, for example 34.
     
           Note that updating a library or application's compileSdk (which
           allows newer APIs to be used) can be done separately from updating
           targetSdk (which opts the app in to new runtime behavior) and
           minSdk (which determines which devices the app can be installed
           on).
     
       6.  Dependency 'androidx.core:core:1.12.0' requires libraries and applications that
           depend on it to compile against version 34 or later of the
           Android APIs.
     
           :app is currently compiled against android-33.
     
           Recommended action: Update this project to use a newer compileSdk
           of at least 34, for example 34.
     
           Note that updating a library or application's compileSdk (which
           allows newer APIs to be used) can be done separately from updating
           targetSdk (which opts the app in to new runtime behavior) and
           minSdk (which determines which devices the app can be installed
           on).

* Try:
> Run with --stacktrace option to get the stack trace.
> Run with --info or --debug option to get more log output.
> Run with --scan to get full insights.
> Get more help at https://help.gradle.org.

BUILD FAILED in 3s
3 actionable tasks: 1 executed, 2 up-to-date
